Archive member included to satisfy reference by file (symbol)

c:/st/stm32cubeide_1.7.0/stm32cubeide/plugins/com.st.stm32cube.ide.mcu.externaltools.gnu-tools-for-stm32.9-2020-q2-update.win32_2.0.0.202105311346/tools/bin/../lib/gcc/arm-none-eabi/9.3.1/../../../../arm-none-eabi/lib/thumb/v6-m/nofp\libc_nano.a(lib_a-errno.o)
                              ./Core/Src/syscalls.o (__errno)
c:/st/stm32cubeide_1.7.0/stm32cubeide/plugins/com.st.stm32cube.ide.mcu.externaltools.gnu-tools-for-stm32.9-2020-q2-update.win32_2.0.0.202105311346/tools/bin/../lib/gcc/arm-none-eabi/9.3.1/../../../../arm-none-eabi/lib/thumb/v6-m/nofp\libc_nano.a(lib_a-exit.o)
                              c:/st/stm32cubeide_1.7.0/stm32cubeide/plugins/com.st.stm32cube.ide.mcu.externaltools.gnu-tools-for-stm32.9-2020-q2-update.win32_2.0.0.202105311346/tools/bin/../lib/gcc/arm-none-eabi/9.3.1/../../../../arm-none-eabi/lib/thumb/v6-m/nofp/crt0.o (exit)
c:/st/stm32cubeide_1.7.0/stm32cubeide/plugins/com.st.stm32cube.ide.mcu.externaltools.gnu-tools-for-stm32.9-2020-q2-update.win32_2.0.0.202105311346/tools/bin/../lib/gcc/arm-none-eabi/9.3.1/../../../../arm-none-eabi/lib/thumb/v6-m/nofp\libc_nano.a(lib_a-impure.o)
                              c:/st/stm32cubeide_1.7.0/stm32cubeide/plugins/com.st.stm32cube.ide.mcu.externaltools.gnu-tools-for-stm32.9-2020-q2-update.win32_2.0.0.202105311346/tools/bin/../lib/gcc/arm-none-eabi/9.3.1/../../../../arm-none-eabi/lib/thumb/v6-m/nofp\libc_nano.a(lib_a-exit.o) (_global_impure_ptr)
c:/st/stm32cubeide_1.7.0/stm32cubeide/plugins/com.st.stm32cube.ide.mcu.externaltools.gnu-tools-for-stm32.9-2020-q2-update.win32_2.0.0.202105311346/tools/bin/../lib/gcc/arm-none-eabi/9.3.1/../../../../arm-none-eabi/lib/thumb/v6-m/nofp\libc_nano.a(lib_a-init.o)
                              c:/st/stm32cubeide_1.7.0/stm32cubeide/plugins/com.st.stm32cube.ide.mcu.externaltools.gnu-tools-for-stm32.9-2020-q2-update.win32_2.0.0.202105311346/tools/bin/../lib/gcc/arm-none-eabi/9.3.1/../../../../arm-none-eabi/lib/thumb/v6-m/nofp/crt0.o (__libc_init_array)
c:/st/stm32cubeide_1.7.0/stm32cubeide/plugins/com.st.stm32cube.ide.mcu.externaltools.gnu-tools-for-stm32.9-2020-q2-update.win32_2.0.0.202105311346/tools/bin/../lib/gcc/arm-none-eabi/9.3.1/../../../../arm-none-eabi/lib/thumb/v6-m/nofp\libc_nano.a(lib_a-memset.o)
                              c:/st/stm32cubeide_1.7.0/stm32cubeide/plugins/com.st.stm32cube.ide.mcu.externaltools.gnu-tools-for-stm32.9-2020-q2-update.win32_2.0.0.202105311346/tools/bin/../lib/gcc/arm-none-eabi/9.3.1/../../../../arm-none-eabi/lib/thumb/v6-m/nofp/crt0.o (memset)
c:/st/stm32cubeide_1.7.0/stm32cubeide/plugins/com.st.stm32cube.ide.mcu.externaltools.gnu-tools-for-stm32.9-2020-q2-update.win32_2.0.0.202105311346/tools/bin/../lib/gcc/arm-none-eabi/9.3.1/../../../../arm-none-eabi/lib/thumb/v6-m/nofp\libm.a(lib_a-s_floor.o)
                              ./Core/Src/SSD1322_GFX.o (floor)
c:/st/stm32cubeide_1.7.0/stm32cubeide/plugins/com.st.stm32cube.ide.mcu.externaltools.gnu-tools-for-stm32.9-2020-q2-update.win32_2.0.0.202105311346/tools/bin/../lib/gcc/arm-none-eabi/9.3.1/thumb/v6-m/nofp\libgcc.a(_udivsi3.o)
                              ./Core/Src/system_stm32f0xx.o (__aeabi_uidiv)
c:/st/stm32cubeide_1.7.0/stm32cubeide/plugins/com.st.stm32cube.ide.mcu.externaltools.gnu-tools-for-stm32.9-2020-q2-update.win32_2.0.0.202105311346/tools/bin/../lib/gcc/arm-none-eabi/9.3.1/thumb/v6-m/nofp\libgcc.a(_divsi3.o)
                              ./Core/Src/stm32f0xx_it.o (__aeabi_idiv)
c:/st/stm32cubeide_1.7.0/stm32cubeide/plugins/com.st.stm32cube.ide.mcu.externaltools.gnu-tools-for-stm32.9-2020-q2-update.win32_2.0.0.202105311346/tools/bin/../lib/gcc/arm-none-eabi/9.3.1/thumb/v6-m/nofp\libgcc.a(_dvmd_tls.o)
                              c:/st/stm32cubeide_1.7.0/stm32cubeide/plugins/com.st.stm32cube.ide.mcu.externaltools.gnu-tools-for-stm32.9-2020-q2-update.win32_2.0.0.202105311346/tools/bin/../lib/gcc/arm-none-eabi/9.3.1/thumb/v6-m/nofp\libgcc.a(_udivsi3.o) (__aeabi_idiv0)
c:/st/stm32cubeide_1.7.0/stm32cubeide/plugins/com.st.stm32cube.ide.mcu.externaltools.gnu-tools-for-stm32.9-2020-q2-update.win32_2.0.0.202105311346/tools/bin/../lib/gcc/arm-none-eabi/9.3.1/thumb/v6-m/nofp\libgcc.a(_arm_cmpdf2.o)
                              c:/st/stm32cubeide_1.7.0/stm32cubeide/plugins/com.st.stm32cube.ide.mcu.externaltools.gnu-tools-for-stm32.9-2020-q2-update.win32_2.0.0.202105311346/tools/bin/../lib/gcc/arm-none-eabi/9.3.1/../../../../arm-none-eabi/lib/thumb/v6-m/nofp\libm.a(lib_a-s_floor.o) (__aeabi_dcmpgt)
c:/st/stm32cubeide_1.7.0/stm32cubeide/plugins/com.st.stm32cube.ide.mcu.externaltools.gnu-tools-for-stm32.9-2020-q2-update.win32_2.0.0.202105311346/tools/bin/../lib/gcc/arm-none-eabi/9.3.1/thumb/v6-m/nofp\libgcc.a(_arm_cmpsf2.o)
                              ./Core/Src/SSD1322_GFX.o (__aeabi_fcmple)
[...]
Memory Configuration

Name             Origin             Length             Attributes
RAM              0x0000000020000000 0x0000000000002000 xrw
FLASH            0x0000000008000000 0x0000000000010000 xr
*default*        0x0000000000000000 0xffffffffffffffff

Linker script and memory map

LOAD c:/st/stm32cubeide_1.7.0/stm32cubeide/plugins/com.st.stm32cube.ide.mcu.externaltools.gnu-tools-for-stm32.9-2020-q2-update.win32_2.0.0.202105311346/tools/bin/../lib/gcc/arm-none-eabi/9.3.1/thumb/v6-m/nofp/crti.o
LOAD c:/st/stm32cubeide_1.7.0/stm32cubeide/plugins/com.st.stm32cube.ide.mcu.externaltools.gnu-tools-for-stm32.9-2020-q2-update.win32_2.0.0.202105311346/tools/bin/../lib/gcc/arm-none-eabi/9.3.1/thumb/v6-m/nofp/crtbegin.o
LOAD c:/st/stm32cubeide_1.7.0/stm32cubeide/plugins/com.st.stm32cube.ide.mcu.externaltools.gnu-tools-for-stm32.9-2020-q2-update.win32_2.0.0.202105311346/tools/bin/../lib/gcc/arm-none-eabi/9.3.1/../../../../arm-none-eabi/lib/thumb/v6-m/nofp/crt0.o
LOAD ./Core/Src/SSD1322_API.o
LOAD ./Core/Src/SSD1322_GFX.o
LOAD ./Core/Src/SSD1322_HW_Driver.o
LOAD ./Core/Src/main.o
LOAD ./Core/Src/stm32f0xx_hal_msp.o
LOAD ./Core/Src/stm32f0xx_it.o
LOAD ./Core/Src/syscalls.o
LOAD ./Core/Src/sysmem.o
LOAD ./Core/Src/system_stm32f0xx.o
LOAD ./Core/Startup/startup_stm32f030c8tx.o
LOAD ./Drivers/STM32F0xx_HAL_Driver/Src/stm32f0xx_hal.o
LOAD ./Drivers/STM32F0xx_HAL_Driver/Src/stm32f0xx_hal_cortex.o
LOAD ./Drivers/STM32F0xx_HAL_Driver/Src/stm32f0xx_hal_dma.o
LOAD ./Drivers/STM32F0xx_HAL_Driver/Src/stm32f0xx_hal_exti.o
LOAD ./Drivers/STM32F0xx_HAL_Driver/Src/stm32f0xx_hal_flash.o
LOAD ./Drivers/STM32F0xx_HAL_Driver/Src/stm32f0xx_hal_flash_ex.o
LOAD ./Drivers/STM32F0xx_HAL_Driver/Src/stm32f0xx_hal_gpio.o
LOAD ./Drivers/STM32F0xx_HAL_Driver/Src/stm32f0xx_hal_i2c.o
LOAD ./Drivers/STM32F0xx_HAL_Driver/Src/stm32f0xx_hal_i2c_ex.o
LOAD ./Drivers/STM32F0xx_HAL_Driver/Src/stm32f0xx_hal_pwr.o
LOAD ./Drivers/STM32F0xx_HAL_Driver/Src/stm32f0xx_hal_pwr_ex.o
LOAD ./Drivers/STM32F0xx_HAL_Driver/Src/stm32f0xx_hal_rcc.o
LOAD ./Drivers/STM32F0xx_HAL_Driver/Src/stm32f0xx_hal_rcc_ex.o
LOAD ./Drivers/STM32F0xx_HAL_Driver/Src/stm32f0xx_hal_spi.o
LOAD ./Drivers/STM32F0xx_HAL_Driver/Src/stm32f0xx_hal_spi_ex.o
LOAD ./Drivers/STM32F0xx_HAL_Driver/Src/stm32f0xx_hal_tim.o
LOAD ./Drivers/STM32F0xx_HAL_Driver/Src/stm32f0xx_hal_tim_ex.o
START GROUP
LOAD c:/st/stm32cubeide_1.7.0/stm32cubeide/plugins/com.st.stm32cube.ide.mcu.externaltools.gnu-tools-for-stm32.9-2020-q2-update.win32_2.0.0.202105311346/tools/bin/../lib/gcc/arm-none-eabi/9.3.1/../../../../arm-none-eabi/lib/thumb/v6-m/nofp\libc_nano.a
LOAD c:/st/stm32cubeide_1.7.0/stm32cubeide/plugins/com.st.stm32cube.ide.mcu.externaltools.gnu-tools-for-stm32.9-2020-q2-update.win32_2.0.0.202105311346/tools/bin/../lib/gcc/arm-none-eabi/9.3.1/../../../../arm-none-eabi/lib/thumb/v6-m/nofp\libm.a
END GROUP
START GROUP
LOAD c:/st/stm32cubeide_1.7.0/stm32cubeide/plugins/com.st.stm32cube.ide.mcu.externaltools.gnu-tools-for-stm32.9-2020-q2-update.win32_2.0.0.202105311346/tools/bin/../lib/gcc/arm-none-eabi/9.3.1/thumb/v6-m/nofp\libgcc.a
LOAD c:/st/stm32cubeide_1.7.0/stm32cubeide/plugins/com.st.stm32cube.ide.mcu.externaltools.gnu-tools-for-stm32.9-2020-q2-update.win32_2.0.0.202105311346/tools/bin/../lib/gcc/arm-none-eabi/9.3.1/../../../../arm-none-eabi/lib/thumb/v6-m/nofp\libc_nano.a
END GROUP
START GROUP
LOAD c:/st/stm32cubeide_1.7.0/stm32cubeide/plugins/com.st.stm32cube.ide.mcu.externaltools.gnu-tools-for-stm32.9-2020-q2-update.win32_2.0.0.202105311346/tools/bin/../lib/gcc/arm-none-eabi/9.3.1/thumb/v6-m/nofp\libgcc.a
LOAD c:/st/stm32cubeide_1.7.0/stm32cubeide/plugins/com.st.stm32cube.ide.mcu.externaltools.gnu-tools-for-stm32.9-2020-q2-update.win32_2.0.0.202105311346/tools/bin/../lib/gcc/arm-none-eabi/9.3.1/../../../../arm-none-eabi/lib/thumb/v6-m/nofp\libc_nano.a
LOAD c:/st/stm32cubeide_1.7.0/stm32cubeide/plugins/com.st.stm32cube.ide.mcu.externaltools.gnu-tools-for-stm32.9-2020-q2-update.win32_2.0.0.202105311346/tools/bin/../lib/gcc/arm-none-eabi/9.3.1/../../../../arm-none-eabi/lib/thumb/v6-m/nofp\libnosys.a
END GROUP
START GROUP
LOAD c:/st/stm32cubeide_1.7.0/stm32cubeide/plugins/com.st.stm32cube.ide.mcu.externaltools.gnu-tools-for-stm32.9-2020-q2-update.win32_2.0.0.202105311346/tools/bin/../lib/gcc/arm-none-eabi/9.3.1/thumb/v6-m/nofp\libgcc.a
LOAD c:/st/stm32cubeide_1.7.0/stm32cubeide/plugins/com.st.stm32cube.ide.mcu.externaltools.gnu-tools-for-stm32.9-2020-q2-update.win32_2.0.0.202105311346/tools/bin/../lib/gcc/arm-none-eabi/9.3.1/../../../../arm-none-eabi/lib/thumb/v6-m/nofp\libc_nano.a
LOAD c:/st/stm32cubeide_1.7.0/stm32cubeide/plugins/com.st.stm32cube.ide.mcu.externaltools.gnu-tools-for-stm32.9-2020-q2-update.win32_2.0.0.202105311346/tools/bin/../lib/gcc/arm-none-eabi/9.3.1/../../../../arm-none-eabi/lib/thumb/v6-m/nofp\libnosys.a
END GROUP
LOAD c:/st/stm32cubeide_1.7.0/stm32cubeide/plugins/com.st.stm32cube.ide.mcu.externaltools.gnu-tools-for-stm32.9-2020-q2-update.win32_2.0.0.202105311346/tools/bin/../lib/gcc/arm-none-eabi/9.3.1/thumb/v6-m/nofp/crtend.o
LOAD c:/st/stm32cubeide_1.7.0/stm32cubeide/plugins/com.st.stm32cube.ide.mcu.externaltools.gnu-tools-for-stm32.9-2020-q2-update.win32_2.0.0.202105311346/tools/bin/../lib/gcc/arm-none-eabi/9.3.1/thumb/v6-m/nofp/crtn.o
                0x0000000020002000                _estack = (ORIGIN (RAM) + LENGTH (RAM))
                0x0000000000000200                _Min_Heap_Size = 0x200
                0x0000000000000400                _Min_Stack_Size = 0x400

.isr_vector     0x0000000008000000       0xc0
                0x0000000008000000                . = ALIGN (0x4)
 *(.isr_vector)
 .isr_vector    0x0000000008000000       0xc0 ./Core/Startup/startup_stm32f030c8tx.o
                0x0000000008000000                g_pfnVectors
                0x00000000080000c0                . = ALIGN (0x4)

.text           0x00000000080000c0     0x518c
                0x00000000080000c0                . = ALIGN (0x4)
 *(.text)
 .text          0x00000000080000c0       0x48 c:/st/stm32cubeide_1.7.0/stm32cubeide/plugins/com.st.stm32cube.ide.mcu.externaltools.gnu-tools-for-stm32.9-2020-q2-update.win32_2.0.0.202105311346/tools/bin/../lib/gcc/arm-none-eabi/9.3.1/thumb/v6-m/nofp/crtbegin.o
 .text          0x0000000008000108      0x114 c:/st/stm32cubeide_1.7.0/stm32cubeide/plugins/com.st.stm32cube.ide.mcu.externaltools.gnu-tools-for-stm32.9-2020-q2-update.win32_2.0.0.202105311346/tools/bin/../lib/gcc/arm-none-eabi/9.3.1/thumb/v6-m/nofp\libgcc.a(_udivsi3.o)
                0x0000000008000108                __aeabi_uidiv
                0x0000000008000108                __udivsi3
                0x0000000008000214                __aeabi_uidivmod
 .text          0x000000000800021c      0x1d4 c:/st/stm32cubeide_1.7.0/stm32cubeide/plugins/com.st.stm32cube.ide.mcu.externaltools.gnu-tools-for-stm32.9-2020-q2-update.win32_2.0.0.202105311346/tools/bin/../lib/gcc/arm-none-eabi/9.3.1/thumb/v6-m/nofp\libgcc.a(_divsi3.o)
                0x000000000800021c                __divsi3
                0x000000000800021c                __aeabi_idiv
                0x00000000080003e8                __aeabi_idivmod
 .text          0x00000000080003f0        0x4 c:/st/stm32cubeide_1.7.0/stm32cubeide/plugins/com.st.stm32cube.ide.mcu.externaltools.gnu-tools-for-stm32.9-2020-q2-update.win32_2.0.0.202105311346/tools/bin/../lib/gcc/arm-none-eabi/9.3.1/thumb/v6-m/nofp\libgcc.a(_dvmd_tls.o)
                0x00000000080003f0                __aeabi_idiv0
                0x00000000080003f0                __aeabi_ldiv0
 *(.text*)
 .text.SSD1322_API_command
                0x00000000080003f4       0x2a ./Core/Src/SSD1322_API.o
                0x00000000080003f4                SSD1322_API_command
 .text.SSD1322_API_data
                0x000000000800041e       0x2a ./Core/Src/SSD1322_API.o
                0x000000000800041e                SSD1322_API_data
 .text.SSD1322_API_init
                0x0000000008000448      0x11a ./Core/Src/SSD1322_API.o
                0x0000000008000448                SSD1322_API_init
 .text.SSD1322_API_set_window
                0x0000000008000562       0x6a ./Core/Src/SSD1322_API.o
                0x0000000008000562                SSD1322_API_set_window
 .text.SSD1322_API_send_buffer
                0x00000000080005cc       0x30 ./Core/Src/SSD1322_API.o
                0x00000000080005cc                SSD1322_API_send_buffer
 .text.set_buffer_size
                0x00000000080005fc       0x30 ./Core/Src/SSD1322_GFX.o
                0x00000000080005fc                set_buffer_size
 .text.fill_buffer
                0x000000000800062c       0x68 ./Core/Src/SSD1322_GFX.o
                0x000000000800062c                fill_buffer
 .text.draw_pixel
                0x0000000008000694      0x138 ./Core/Src/SSD1322_GFX.o
                0x0000000008000694                draw_pixel
 .text.select_font
                0x00000000080007cc       0x1c ./Core/Src/SSD1322_GFX.o
                0x00000000080007cc                select_font
 .text.draw_char
                0x00000000080007e8      0x194 ./Core/Src/SSD1322_GFX.o
                0x00000000080007e8                draw_char
 .text.draw_text
                0x000000000800097c       0x78 ./Core/Src/SSD1322_GFX.o
                0x000000000800097c                draw_text
 .text.send_buffer_to_OLED
                0x00000000080009f4       0x4a ./Core/Src/SSD1322_GFX.o
                0x00000000080009f4                send_buffer_to_OLED
 .text.SSD1322_HW_drive_CS_low
                0x0000000008000a3e       0x18 ./Core/Src/SSD1322_HW_Driver.o
                0x0000000008000a3e                SSD1322_HW_drive_CS_low
 .text.SSD1322_HW_drive_CS_high
                0x0000000008000a56       0x18 ./Core/Src/SSD1322_HW_Driver.o
                0x0000000008000a56                SSD1322_HW_drive_CS_high
 .text.SSD1322_HW_drive_DC_low
                0x0000000008000a6e       0x18 ./Core/Src/SSD1322_HW_Driver.o
                0x0000000008000a6e                SSD1322_HW_drive_DC_low
 .text.SSD1322_HW_drive_DC_high
                0x0000000008000a86       0x18 ./Core/Src/SSD1322_HW_Driver.o
                0x0000000008000a86                SSD1322_HW_drive_DC_high
 .text.SSD1322_HW_drive_RESET_low
                0x0000000008000a9e       0x18 ./Core/Src/SSD1322_HW_Driver.o
                0x0000000008000a9e                SSD1322_HW_drive_RESET_low
 .text.SSD1322_HW_drive_RESET_high
                0x0000000008000ab6       0x18 ./Core/Src/SSD1322_HW_Driver.o
                0x0000000008000ab6                SSD1322_HW_drive_RESET_high
 *fill*         0x0000000008000ace        0x2 
 .text.SSD1322_HW_SPI_send_byte
                0x0000000008000ad0       0x24 ./Core/Src/SSD1322_HW_Driver.o
                0x0000000008000ad0                SSD1322_HW_SPI_send_byte
 .text.SSD1322_HW_SPI_send_array
                0x0000000008000af4       0x24 ./Core/Src/SSD1322_HW_Driver.o
                0x0000000008000af4                SSD1322_HW_SPI_send_array
 .text.SSD1322_HW_msDelay
                0x0000000008000b18       0x18 ./Core/Src/SSD1322_HW_Driver.o
                0x0000000008000b18                SSD1322_HW_msDelay
 .text.main     0x0000000008000b30     0x1304 ./Core/Src/main.o
                0x0000000008000b30                main
 .text.SystemClock_Config
                0x0000000008001e34       0xae ./Core/Src/main.o
                0x0000000008001e34                SystemClock_Config
 *fill*         0x0000000008001ee2        0x2 
 .text.MX_I2C1_Init
                0x0000000008001ee4       0x80 ./Core/Src/main.o
 .text.MX_I2C2_Init
                0x0000000008001f64       0x80 ./Core/Src/main.o
 .text.MX_SPI1_Init
                0x0000000008001fe4       0x7c ./Core/Src/main.o
 .text.MX_GPIO_Init
                0x0000000008002060      0x18c ./Core/Src/main.o
 .text.Set_Clock
                0x00000000080021ec       0x5c ./Core/Src/main.o
                0x00000000080021ec                Set_Clock
 .text.Error_Handler
                0x0000000008002248        0xa ./Core/Src/main.o
                0x0000000008002248                Error_Handler
 *fill*         0x0000000008002252        0x2 
 .text.HAL_MspInit
                0x0000000008002254       0x48 ./Core/Src/stm32f0xx_hal_msp.o
                0x0000000008002254                HAL_MspInit
 .text.HAL_I2C_MspInit
                0x000000000800229c      0x114 ./Core/Src/stm32f0xx_hal_msp.o
                0x000000000800229c                HAL_I2C_MspInit
 .text.HAL_SPI_MspInit
                0x00000000080023b0       0x98 ./Core/Src/stm32f0xx_hal_msp.o
                0x00000000080023b0                HAL_SPI_MspInit
 .text.itoa     0x0000000008002448       0x86 ./Core/Src/stm32f0xx_it.o
                0x0000000008002448                itoa
 .text.NMI_Handler
                0x00000000080024ce        0x6 ./Core/Src/stm32f0xx_it.o
                0x00000000080024ce                NMI_Handler
 .text.HardFault_Handler
                0x00000000080024d4        0x6 ./Core/Src/stm32f0xx_it.o
                0x00000000080024d4                HardFault_Handler
 .text.SVC_Handler
                0x00000000080024da        0xa ./Core/Src/stm32f0xx_it.o
                0x00000000080024da                SVC_Handler
 .text.PendSV_Handler
                0x00000000080024e4        0xa ./Core/Src/stm32f0xx_it.o
                0x00000000080024e4                PendSV_Handler
 .text.SysTick_Handler
                0x00000000080024ee        0xe ./Core/Src/stm32f0xx_it.o
                0x00000000080024ee                SysTick_Handler
 .text.EXTI0_1_IRQHandler
                0x00000000080024fc       0x90 ./Core/Src/stm32f0xx_it.o
                0x00000000080024fc                EXTI0_1_IRQHandler
 .text.EXTI2_3_IRQHandler
                0x000000000800258c       0xa0 ./Core/Src/stm32f0xx_it.o
                0x000000000800258c                EXTI2_3_IRQHandler
 .text.EXTI4_15_IRQHandler
                0x000000000800262c      0xc20 ./Core/Src/stm32f0xx_it.o
                0x000000000800262c                EXTI4_15_IRQHandler
 .text.SystemInit
                0x000000000800324c        0xa ./Core/Src/system_stm32f0xx.o
                0x000000000800324c                SystemInit
 *fill*         0x0000000008003256        0x2 
 .text.Reset_Handler
                0x0000000008003258       0x50 ./Core/Startup/startup_stm32f030c8tx.o
                0x0000000008003258                Reset_Handler
 .text.Default_Handler
                0x00000000080032a8        0x2 ./Core/Startup/startup_stm32f030c8tx.o
                0x00000000080032a8                TIM1_CC_IRQHandler
                0x00000000080032a8                TIM6_IRQHandler
                0x00000000080032a8                I2C1_IRQHandler
                0x00000000080032a8                SPI1_IRQHandler
                0x00000000080032a8                ADC1_IRQHandler
                0x00000000080032a8                I2C2_IRQHandler
                0x00000000080032a8                TIM17_IRQHandler
                0x00000000080032a8                RTC_IRQHandler
                0x00000000080032a8                TIM16_IRQHandler
                0x00000000080032a8                TIM3_IRQHandler
                0x00000000080032a8                RCC_IRQHandler
                0x00000000080032a8                DMA1_Channel1_IRQHandler
                0x00000000080032a8                Default_Handler
                0x00000000080032a8                TIM14_IRQHandler
                0x00000000080032a8                DMA1_Channel4_5_IRQHandler
                0x00000000080032a8                TIM15_IRQHandler
                0x00000000080032a8                SPI2_IRQHandler
                0x00000000080032a8                WWDG_IRQHandler
                0x00000000080032a8                DMA1_Channel2_3_IRQHandler
                0x00000000080032a8                USART2_IRQHandler
                0x00000000080032a8                FLASH_IRQHandler
                0x00000000080032a8                USART1_IRQHandler
                0x00000000080032a8                TIM1_BRK_UP_TRG_COM_IRQHandler
 *fill*         0x00000000080032aa        0x2 
 .text.HAL_Init
                0x00000000080032ac       0x28 ./Drivers/STM32F0xx_HAL_Driver/Src/stm32f0xx_hal.o
                0x00000000080032ac                HAL_Init
 .text.HAL_InitTick
                0x00000000080032d4       0x68 ./Drivers/STM32F0xx_HAL_Driver/Src/stm32f0xx_hal.o
                0x00000000080032d4                HAL_InitTick
 .text.HAL_IncTick
                0x000000000800333c       0x24 ./Drivers/STM32F0xx_HAL_Driver/Src/stm32f0xx_hal.o
                0x000000000800333c                HAL_IncTick
 .text.HAL_GetTick
                0x0000000008003360       0x14 ./Drivers/STM32F0xx_HAL_Driver/Src/stm32f0xx_hal.o
                0x0000000008003360                HAL_GetTick
 .text.HAL_Delay
                0x0000000008003374       0x48 ./Drivers/STM32F0xx_HAL_Driver/Src/stm32f0xx_hal.o
                0x0000000008003374                HAL_Delay
 .text.__NVIC_EnableIRQ
                0x00000000080033bc       0x34 ./Drivers/STM32F0xx_HAL_Driver/Src/stm32f0xx_hal_cortex.o
 .text.__NVIC_SetPriority
                0x00000000080033f0       0xdc ./Drivers/STM32F0xx_HAL_Driver/Src/stm32f0xx_hal_cortex.o
 .text.SysTick_Config
                0x00000000080034cc       0x48 ./Drivers/STM32F0xx_HAL_Driver/Src/stm32f0xx_hal_cortex.o
 .text.HAL_NVIC_SetPriority
                0x0000000008003514       0x2a ./Drivers/STM32F0xx_HAL_Driver/Src/stm32f0xx_hal_cortex.o
                0x0000000008003514                HAL_NVIC_SetPriority
 .text.HAL_NVIC_EnableIRQ
                0x000000000800353e       0x20 ./Drivers/STM32F0xx_HAL_Driver/Src/stm32f0xx_hal_cortex.o
                0x000000000800353e                HAL_NVIC_EnableIRQ
 .text.HAL_SYSTICK_Config
                0x000000000800355e       0x1a ./Drivers/STM32F0xx_HAL_Driver/Src/stm32f0xx_hal_cortex.o
                0x000000000800355e                HAL_SYSTICK_Config
 .text.HAL_GPIO_Init
                0x0000000008003578      0x2e0 ./Drivers/STM32F0xx_HAL_Driver/Src/stm32f0xx_hal_gpio.o
                0x0000000008003578                HAL_GPIO_Init
 .text.HAL_GPIO_ReadPin
                0x0000000008003858       0x3a ./Drivers/STM32F0xx_HAL_Driver/Src/stm32f0xx_hal_gpio.o
                0x0000000008003858                HAL_GPIO_ReadPin
 .text.HAL_GPIO_WritePin
                0x0000000008003892       0x3a ./Drivers/STM32F0xx_HAL_Driver/Src/stm32f0xx_hal_gpio.o
                0x0000000008003892                HAL_GPIO_WritePin
 .text.HAL_GPIO_EXTI_IRQHandler
                0x00000000080038cc       0x38 ./Drivers/STM32F0xx_HAL_Driver/Src/stm32f0xx_hal_gpio.o
                0x00000000080038cc                HAL_GPIO_EXTI_IRQHandler
 .text.HAL_GPIO_EXTI_Callback
                0x0000000008003904       0x14 ./Drivers/STM32F0xx_HAL_Driver/Src/stm32f0xx_hal_gpio.o
                0x0000000008003904                HAL_GPIO_EXTI_Callback
 .text.HAL_I2C_Init
                0x0000000008003918      0x12c ./Drivers/STM32F0xx_HAL_Driver/Src/stm32f0xx_hal_i2c.o
                0x0000000008003918                HAL_I2C_Init
 .text.HAL_I2C_Master_Transmit
                0x0000000008003a44      0x210 ./Drivers/STM32F0xx_HAL_Driver/Src/stm32f0xx_hal_i2c.o
                0x0000000008003a44                HAL_I2C_Master_Transmit
 .text.I2C_Flush_TXDR
                0x0000000008003c54       0x44 ./Drivers/STM32F0xx_HAL_Driver/Src/stm32f0xx_hal_i2c.o
 .text.I2C_WaitOnFlagUntilTimeout
                0x0000000008003c98       0x7e ./Drivers/STM32F0xx_HAL_Driver/Src/stm32f0xx_hal_i2c.o
 .text.I2C_WaitOnTXISFlagUntilTimeout
                0x0000000008003d16       0x7e ./Drivers/STM32F0xx_HAL_Driver/Src/stm32f0xx_hal_i2c.o
 .text.I2C_WaitOnSTOPFlagUntilTimeout
                0x0000000008003d94       0x78 ./Drivers/STM32F0xx_HAL_Driver/Src/stm32f0xx_hal_i2c.o
 .text.I2C_IsAcknowledgeFailed
                0x0000000008003e0c       0xf4 ./Drivers/STM32F0xx_HAL_Driver/Src/stm32f0xx_hal_i2c.o
 .text.I2C_TransferConfig
                0x0000000008003f00       0x6c ./Drivers/STM32F0xx_HAL_Driver/Src/stm32f0xx_hal_i2c.o
 .text.HAL_I2CEx_ConfigAnalogFilter
                0x0000000008003f6c       0x98 ./Drivers/STM32F0xx_HAL_Driver/Src/stm32f0xx_hal_i2c_ex.o
                0x0000000008003f6c                HAL_I2CEx_ConfigAnalogFilter
 .text.HAL_I2CEx_ConfigDigitalFilter
                0x0000000008004004       0x98 ./Drivers/STM32F0xx_HAL_Driver/Src/stm32f0xx_hal_i2c_ex.o
                0x0000000008004004                HAL_I2CEx_ConfigDigitalFilter
 .text.HAL_RCC_OscConfig
                0x000000000800409c      0x634 ./Drivers/STM32F0xx_HAL_Driver/Src/stm32f0xx_hal_rcc.o
                0x000000000800409c                HAL_RCC_OscConfig
 .text.HAL_RCC_ClockConfig
                0x00000000080046d0      0x19c ./Drivers/STM32F0xx_HAL_Driver/Src/stm32f0xx_hal_rcc.o
                0x00000000080046d0                HAL_RCC_ClockConfig
 .text.HAL_RCC_GetSysClockFreq
                0x000000000800486c       0xc8 ./Drivers/STM32F0xx_HAL_Driver/Src/stm32f0xx_hal_rcc.o
                0x000000000800486c                HAL_RCC_GetSysClockFreq
 .text.HAL_RCCEx_PeriphCLKConfig
                0x0000000008004934      0x19c ./Drivers/STM32F0xx_HAL_Driver/Src/stm32f0xx_hal_rcc_ex.o
                0x0000000008004934                HAL_RCCEx_PeriphCLKConfig
 .text.HAL_SPI_Init
                0x0000000008004ad0      0x170 ./Drivers/STM32F0xx_HAL_Driver/Src/stm32f0xx_hal_spi.o
                0x0000000008004ad0                HAL_SPI_Init
 .text.HAL_SPI_Transmit
                0x0000000008004c40      0x2b0 ./Drivers/STM32F0xx_HAL_Driver/Src/stm32f0xx_hal_spi.o
                0x0000000008004c40                HAL_SPI_Transmit
 .text.SPI_WaitFlagStateUntilTimeout
                0x0000000008004ef0      0x11c ./Drivers/STM32F0xx_HAL_Driver/Src/stm32f0xx_hal_spi.o
 .text.SPI_WaitFifoStateUntilTimeout
                0x000000000800500c      0x144 ./Drivers/STM32F0xx_HAL_Driver/Src/stm32f0xx_hal_spi.o
 .text.SPI_EndRxTxTransaction
                0x0000000008005150       0x8c ./Drivers/STM32F0xx_HAL_Driver/Src/stm32f0xx_hal_spi.o
 .text.__libc_init_array
                0x00000000080051dc       0x48 c:/st/stm32cubeide_1.7.0/stm32cubeide/plugins/com.st.stm32cube.ide.mcu.externaltools.gnu-tools-for-stm32.9-2020-q2-update.win32_2.0.0.202105311346/tools/bin/../lib/gcc/arm-none-eabi/9.3.1/../../../../arm-none-eabi/lib/thumb/v6-m/nofp\libc_nano.a(lib_a-init.o)
                0x00000000080051dc                __libc_init_array
 .text.memset   0x0000000008005224       0x10 c:/st/stm32cubeide_1.7.0/stm32cubeide/plugins/com.st.stm32cube.ide.mcu.externaltools.gnu-tools-for-stm32.9-2020-q2-update.win32_2.0.0.202105311346/tools/bin/../lib/gcc/arm-none-eabi/9.3.1/../../../../arm-none-eabi/lib/thumb/v6-m/nofp\libc_nano.a(lib_a-memset.o)
                0x0000000008005224                memset
 *(.glue_7)
 .glue_7        0x0000000008005234        0x0 linker stubs
 *(.glue_7t)
 .glue_7t       0x0000000008005234        0x0 linker stubs
 *(.eh_frame)
 .eh_frame      0x0000000008005234        0x0 c:/st/stm32cubeide_1.7.0/stm32cubeide/plugins/com.st.stm32cube.ide.mcu.externaltools.gnu-tools-for-stm32.9-2020-q2-update.win32_2.0.0.202105311346/tools/bin/../lib/gcc/arm-none-eabi/9.3.1/thumb/v6-m/nofp/crtbegin.o
 *(.init)
 .init          0x0000000008005234        0x4 c:/st/stm32cubeide_1.7.0/stm32cubeide/plugins/com.st.stm32cube.ide.mcu.externaltools.gnu-tools-for-stm32.9-2020-q2-update.win32_2.0.0.202105311346/tools/bin/../lib/gcc/arm-none-eabi/9.3.1/thumb/v6-m/nofp/crti.o
                0x0000000008005234                _init
 .init          0x0000000008005238        0x8 c:/st/stm32cubeide_1.7.0/stm32cubeide/plugins/com.st.stm32cube.ide.mcu.externaltools.gnu-tools-for-stm32.9-2020-q2-update.win32_2.0.0.202105311346/tools/bin/../lib/gcc/arm-none-eabi/9.3.1/thumb/v6-m/nofp/crtn.o
 *(.fini)
 .fini          0x0000000008005240        0x4 c:/st/stm32cubeide_1.7.0/stm32cubeide/plugins/com.st.stm32cube.ide.mcu.externaltools.gnu-tools-for-stm32.9-2020-q2-update.win32_2.0.0.202105311346/tools/bin/../lib/gcc/arm-none-eabi/9.3.1/thumb/v6-m/nofp/crti.o
                0x0000000008005240                _fini
 .fini          0x0000000008005244        0x8 c:/st/stm32cubeide_1.7.0/stm32cubeide/plugins/com.st.stm32cube.ide.mcu.externaltools.gnu-tools-for-stm32.9-2020-q2-update.win32_2.0.0.202105311346/tools/bin/../lib/gcc/arm-none-eabi/9.3.1/thumb/v6-m/nofp/crtn.o
                0x000000000800524c                . = ALIGN (0x4)
                0x000000000800524c                _etext = .

.vfp11_veneer   0x000000000800524c        0x0
 .vfp11_veneer  0x000000000800524c        0x0 linker stubs

.v4_bx          0x000000000800524c        0x0
 .v4_bx         0x000000000800524c        0x0 linker stubs

.iplt           0x000000000800524c        0x0
 .iplt          0x000000000800524c        0x0 c:/st/stm32cubeide_1.7.0/stm32cubeide/plugins/com.st.stm32cube.ide.mcu.externaltools.gnu-tools-for-stm32.9-2020-q2-update.win32_2.0.0.202105311346/tools/bin/../lib/gcc/arm-none-eabi/9.3.1/thumb/v6-m/nofp/crtbegin.o

.rodata         0x000000000800524c     0x135c
                0x000000000800524c                . = ALIGN (0x4)
 *(.rodata)
 .rodata        0x000000000800524c       0xcb ./Core/Src/main.o
 *fill*         0x0000000008005317        0x1 
 .rodata        0x0000000008005318       0xa0 ./Core/Src/stm32f0xx_it.o
 .rodata        0x00000000080053b8       0x20 ./Drivers/STM32F0xx_HAL_Driver/Src/stm32f0xx_hal_rcc.o
 *(.rodata*)
 .rodata.FreeMono12pt7bBitmaps
                0x00000000080053d8      0x5b4 ./Core/Src/SSD1322_HW_Driver.o
                0x00000000080053d8                FreeMono12pt7bBitmaps
 .rodata.FreeMono12pt7bGlyphs
                0x000000000800598c      0x2f8 ./Core/Src/SSD1322_HW_Driver.o
                0x000000000800598c                FreeMono12pt7bGlyphs
 .rodata.FreeMono12pt7b
                0x0000000008005c84       0x10 ./Core/Src/SSD1322_HW_Driver.o
                0x0000000008005c84                FreeMono12pt7b
 .rodata.FreeSansOblique9pt7bBitmaps
                0x0000000008005c94      0x559 ./Core/Src/SSD1322_HW_Driver.o
                0x0000000008005c94                FreeSansOblique9pt7bBitmaps
 *fill*         0x00000000080061ed        0x3 
 .rodata.FreeSansOblique9pt7bGlyphs
                0x00000000080061f0      0x2f8 ./Core/Src/SSD1322_HW_Driver.o
                0x00000000080061f0                FreeSansOblique9pt7bGlyphs
 .rodata.FreeSansOblique9pt7b
                0x00000000080064e8       0x10 ./Core/Src/SSD1322_HW_Driver.o
                0x00000000080064e8                FreeSansOblique9pt7b
 .rodata.AK4493EQ_FIRS_NAMES
                0x00000000080064f8       0x60 ./Core/Src/main.o
                0x00000000080064f8                AK4493EQ_FIRS_NAMES
 .rodata.DSD1794A_FIRS_NAMES
                0x0000000008006558       0x20 ./Core/Src/main.o
                0x0000000008006558                DSD1794A_FIRS_NAMES
 .rodata.BD34301EKV_FIRS_NAMES
                0x0000000008006578       0x20 ./Core/Src/main.o
                0x0000000008006578                BD34301EKV_FIRS_NAMES
 .rodata.AHBPrescTable
                0x0000000008006598       0x10 ./Core/Src/system_stm32f0xx.o
                0x0000000008006598                AHBPrescTable
                0x00000000080065a8                . = ALIGN (0x4)

.rel.dyn        0x00000000080065a8        0x0
 .rel.iplt      0x00000000080065a8        0x0 c:/st/stm32cubeide_1.7.0/stm32cubeide/plugins/com.st.stm32cube.ide.mcu.externaltools.gnu-tools-for-stm32.9-2020-q2-update.win32_2.0.0.202105311346/tools/bin/../lib/gcc/arm-none-eabi/9.3.1/thumb/v6-m/nofp/crtbegin.o

.ARM.extab      0x00000000080065a8        0x0
                0x00000000080065a8                . = ALIGN (0x4)
 *(.ARM.extab* .gnu.linkonce.armextab.*)
                0x00000000080065a8                . = ALIGN (0x4)

.ARM            0x00000000080065a8        0x0
                0x00000000080065a8                . = ALIGN (0x4)
                0x00000000080065a8                __exidx_start = .
 *(.ARM.exidx*)
                0x00000000080065a8                __exidx_end = .
                0x00000000080065a8                . = ALIGN (0x4)

.preinit_array  0x00000000080065a8        0x0
                0x00000000080065a8                . = ALIGN (0x4)
                0x00000000080065a8                PROVIDE (__preinit_array_start = .)
 *(.preinit_array*)
                0x00000000080065a8                PROVIDE (__preinit_array_end = .)
                0x00000000080065a8                . = ALIGN (0x4)

.init_array     0x00000000080065a8        0x4
                0x00000000080065a8                . = ALIGN (0x4)
                0x00000000080065a8                PROVIDE (__init_array_start = .)
 *(SORT_BY_NAME(.init_array.*))
 *(.init_array*)
 .init_array    0x00000000080065a8        0x4 c:/st/stm32cubeide_1.7.0/stm32cubeide/plugins/com.st.stm32cube.ide.mcu.externaltools.gnu-tools-for-stm32.9-2020-q2-update.win32_2.0.0.202105311346/tools/bin/../lib/gcc/arm-none-eabi/9.3.1/thumb/v6-m/nofp/crtbegin.o
                0x00000000080065ac                PROVIDE (__init_array_end = .)
                0x00000000080065ac                . = ALIGN (0x4)

.fini_array     0x00000000080065ac        0x4
                0x00000000080065ac                . = ALIGN (0x4)
                [!provide]                        PROVIDE (__fini_array_start = .)
 *(SORT_BY_NAME(.fini_array.*))
 *(.fini_array*)
 .fini_array    0x00000000080065ac        0x4 c:/st/stm32cubeide_1.7.0/stm32cubeide/plugins/com.st.stm32cube.ide.mcu.externaltools.gnu-tools-for-stm32.9-2020-q2-update.win32_2.0.0.202105311346/tools/bin/../lib/gcc/arm-none-eabi/9.3.1/thumb/v6-m/nofp/crtbegin.o
                [!provide]                        PROVIDE (__fini_array_end = .)
                0x00000000080065b0                . = ALIGN (0x4)
                0x00000000080065b0                _sidata = LOADADDR (.data)

.data           0x0000000020000000       0x10 load address 0x00000000080065b0
                0x0000000020000000                . = ALIGN (0x4)
                0x0000000020000000                _sdata = .
 *(.data)
 *(.data*)
 .data._buffer_height
                0x0000000020000000        0x2 ./Core/Src/SSD1322_GFX.o
                0x0000000020000000                _buffer_height
 .data._buffer_width
                0x0000000020000002        0x2 ./Core/Src/SSD1322_GFX.o
                0x0000000020000002                _buffer_width
 .data.SystemCoreClock
                0x0000000020000004        0x4 ./Core/Src/system_stm32f0xx.o
                0x0000000020000004                SystemCoreClock
 .data.uwTickPrio
                0x0000000020000008        0x4 ./Drivers/STM32F0xx_HAL_Driver/Src/stm32f0xx_hal.o
                0x0000000020000008                uwTickPrio
 .data.uwTickFreq
                0x000000002000000c        0x1 ./Drivers/STM32F0xx_HAL_Driver/Src/stm32f0xx_hal.o
                0x000000002000000c                uwTickFreq
 *(.RamFunc)
 *(.RamFunc*)
                0x0000000020000010                . = ALIGN (0x4)
 *fill*         0x000000002000000d        0x3 
                0x0000000020000010                _edata = .

.igot.plt       0x0000000020000010        0x0 load address 0x00000000080065c0
 .igot.plt      0x0000000020000010        0x0 c:/st/stm32cubeide_1.7.0/stm32cubeide/plugins/com.st.stm32cube.ide.mcu.externaltools.gnu-tools-for-stm32.9-2020-q2-update.win32_2.0.0.202105311346/tools/bin/../lib/gcc/arm-none-eabi/9.3.1/thumb/v6-m/nofp/crtbegin.o
                0x0000000020000010                . = ALIGN (0x4)

.bss            0x0000000020000010     0x2130 load address 0x00000000080065c0
                0x0000000020000010                _sbss = .
                0x0000000020000010                __bss_start__ = _sbss
 *(.bss)
 .bss           0x0000000020000010       0x1c c:/st/stm32cubeide_1.7.0/stm32cubeide/plugins/com.st.stm32cube.ide.mcu.externaltools.gnu-tools-for-stm32.9-2020-q2-update.win32_2.0.0.202105311346/tools/bin/../lib/gcc/arm-none-eabi/9.3.1/thumb/v6-m/nofp/crtbegin.o
 *(.bss*)
 .bss.gfx_font  0x000000002000002c        0x4 ./Core/Src/SSD1322_GFX.o
                0x000000002000002c                gfx_font
 *(COMMON)
 COMMON         0x0000000020000030     0x210c ./Core/Src/main.o
                0x0000000020000030                ak4493eq_fir
                0x0000000020000034                hi2c1
                0x0000000020000080                hi2c2
                0x00000000200000cc                volume
                0x00000000200000cd                dsd1794a_fir
                0x00000000200000d0                progtime
                0x00000000200000d4                bd34301ekv_fir
                0x00000000200000d8                tx_buf
                0x00000000200020d8                hspi1
 COMMON         0x000000002000213c        0x4 ./Drivers/STM32F0xx_HAL_Driver/Src/stm32f0xx_hal.o
                0x000000002000213c                uwTick
                0x0000000020002140                . = ALIGN (0x4)
                0x0000000020002140                _ebss = .
                0x0000000020002140                __bss_end__ = _ebss

._user_heap_stack
                0x0000000020002140      0x600 load address 0x00000000080065c0
                0x0000000020002140                . = ALIGN (0x8)
                [!provide]                        PROVIDE (end = .)
                0x0000000020002140                PROVIDE (_end = .)
                0x0000000020002340                . = (. + _Min_Heap_Size)
 *fill*         0x0000000020002140      0x200 
                0x0000000020002740                . = (. + _Min_Stack_Size)
 *fill*         0x0000000020002340      0x400 
                0x0000000020002740                . = ALIGN (0x8)

/DISCARD/
 libc.a(*)
 libm.a(*)
 libgcc.a(*)

.ARM.attributes
                0x0000000000000000       0x28
 *(.ARM.attributes)
 .ARM.attributes
                0x0000000000000000       0x1e c:/st/stm32cubeide_1.7.0/stm32cubeide/plugins/com.st.stm32cube.ide.mcu.externaltools.gnu-tools-for-stm32.9-2020-q2-update.win32_2.0.0.202105311346/tools/bin/../lib/gcc/arm-none-eabi/9.3.1/thumb/v6-m/nofp/crti.o
 .ARM.attributes
                0x000000000000001e       0x2c c:/st/stm32cubeide_1.7.0/stm32cubeide/plugins/com.st.stm32cube.ide.mcu.externaltools.gnu-tools-for-stm32.9-2020-q2-update.win32_2.0.0.202105311346/tools/bin/../lib/gcc/arm-none-eabi/9.3.1/thumb/v6-m/nofp/crtbegin.o
 .ARM.attributes
                0x000000000000004a       0x2c ./Core/Src/SSD1322_API.o
 .ARM.attributes
                0x0000000000000076       0x2c ./Core/Src/SSD1322_GFX.o
 .ARM.attributes
                0x00000000000000a2       0x2c ./Core/Src/SSD1322_HW_Driver.o
 .ARM.attributes
                0x00000000000000ce       0x2c ./Core/Src/main.o
 .ARM.attributes
                0x00000000000000fa       0x2c ./Core/Src/stm32f0xx_hal_msp.o
 .ARM.attributes
                0x0000000000000126       0x2c ./Core/Src/stm32f0xx_it.o
 .ARM.attributes
                0x0000000000000152       0x2c ./Core/Src/system_stm32f0xx.o
 .ARM.attributes
                0x000000000000017e       0x21 ./Core/Startup/startup_stm32f030c8tx.o
 .ARM.attributes
                0x000000000000019f       0x2c ./Drivers/STM32F0xx_HAL_Driver/Src/stm32f0xx_hal.o
 .ARM.attributes
                0x00000000000001cb       0x2c ./Drivers/STM32F0xx_HAL_Driver/Src/stm32f0xx_hal_cortex.o
 .ARM.attributes
                0x00000000000001f7       0x2c ./Drivers/STM32F0xx_HAL_Driver/Src/stm32f0xx_hal_gpio.o
 .ARM.attributes
                0x0000000000000223       0x2c ./Drivers/STM32F0xx_HAL_Driver/Src/stm32f0xx_hal_i2c.o
 .ARM.attributes
                0x000000000000024f       0x2c ./Drivers/STM32F0xx_HAL_Driver/Src/stm32f0xx_hal_i2c_ex.o
 .ARM.attributes
                0x000000000000027b       0x2c ./Drivers/STM32F0xx_HAL_Driver/Src/stm32f0xx_hal_rcc.o
 .ARM.attributes
                0x00000000000002a7       0x2c ./Drivers/STM32F0xx_HAL_Driver/Src/stm32f0xx_hal_rcc_ex.o
 .ARM.attributes
                0x00000000000002d3       0x2c ./Drivers/STM32F0xx_HAL_Driver/Src/stm32f0xx_hal_spi.o
 .ARM.attributes
                0x00000000000002ff       0x2c c:/st/stm32cubeide_1.7.0/stm32cubeide/plugins/com.st.stm32cube.ide.mcu.externaltools.gnu-tools-for-stm32.9-2020-q2-update.win32_2.0.0.202105311346/tools/bin/../lib/gcc/arm-none-eabi/9.3.1/../../../../arm-none-eabi/lib/thumb/v6-m/nofp\libc_nano.a(lib_a-init.o)
 .ARM.attributes
                0x000000000000032b       0x2c c:/st/stm32cubeide_1.7.0/stm32cubeide/plugins/com.st.stm32cube.ide.mcu.externaltools.gnu-tools-for-stm32.9-2020-q2-update.win32_2.0.0.202105311346/tools/bin/../lib/gcc/arm-none-eabi/9.3.1/../../../../arm-none-eabi/lib/thumb/v6-m/nofp\libc_nano.a(lib_a-memset.o)
 .ARM.attributes
                0x0000000000000357       0x1e c:/st/stm32cubeide_1.7.0/stm32cubeide/plugins/com.st.stm32cube.ide.mcu.externaltools.gnu-tools-for-stm32.9-2020-q2-update.win32_2.0.0.202105311346/tools/bin/../lib/gcc/arm-none-eabi/9.3.1/thumb/v6-m/nofp\libgcc.a(_udivsi3.o)
 .ARM.attributes
                0x0000000000000375       0x1e c:/st/stm32cubeide_1.7.0/stm32cubeide/plugins/com.st.stm32cube.ide.mcu.externaltools.gnu-tools-for-stm32.9-2020-q2-update.win32_2.0.0.202105311346/tools/bin/../lib/gcc/arm-none-eabi/9.3.1/thumb/v6-m/nofp\libgcc.a(_divsi3.o)
 .ARM.attributes
                0x0000000000000393       0x1e c:/st/stm32cubeide_1.7.0/stm32cubeide/plugins/com.st.stm32cube.ide.mcu.externaltools.gnu-tools-for-stm32.9-2020-q2-update.win32_2.0.0.202105311346/tools/bin/../lib/gcc/arm-none-eabi/9.3.1/thumb/v6-m/nofp\libgcc.a(_dvmd_tls.o)
 .ARM.attributes
                0x00000000000003b1       0x1e c:/st/stm32cubeide_1.7.0/stm32cubeide/plugins/com.st.stm32cube.ide.mcu.externaltools.gnu-tools-for-stm32.9-2020-q2-update.win32_2.0.0.202105311346/tools/bin/../lib/gcc/arm-none-eabi/9.3.1/thumb/v6-m/nofp/crtn.o
OUTPUT(ATELCode.elf elf32-littlearm)
LOAD linker stubs
LOAD c:/st/stm32cubeide_1.7.0/stm32cubeide/plugins/com.st.stm32cube.ide.mcu.externaltools.gnu-tools-for-stm32.9-2020-q2-update.win32_2.0.0.202105311346/tools/bin/../lib/gcc/arm-none-eabi/9.3.1/../../../../arm-none-eabi/lib/thumb/v6-m/nofp\libc.a
LOAD c:/st/stm32cubeide_1.7.0/stm32cubeide/plugins/com.st.stm32cube.ide.mcu.externaltools.gnu-tools-for-stm32.9-2020-q2-update.win32_2.0.0.202105311346/tools/bin/../lib/gcc/arm-none-eabi/9.3.1/../../../../arm-none-eabi/lib/thumb/v6-m/nofp\libm.a
LOAD c:/st/stm32cubeide_1.7.0/stm32cubeide/plugins/com.st.stm32cube.ide.mcu.externaltools.gnu-tools-for-stm32.9-2020-q2-update.win32_2.0.0.202105311346/tools/bin/../lib/gcc/arm-none-eabi/9.3.1/thumb/v6-m/nofp\libgcc.a

.debug_info     0x0000000000000000     0xb72a
 .debug_info    0x0000000000000000      0x29c ./Core/Src/SSD1322_API.o
 .debug_info    0x000000000000029c     0x14ac ./Core/Src/SSD1322_GFX.o
 .debug_info    0x0000000000001748      0x97a ./Core/Src/SSD1322_HW_Driver.o
 .debug_info    0x00000000000020c2     0x12a6 ./Core/Src/main.o
 .debug_info    0x0000000000003368      0xe69 ./Core/Src/stm32f0xx_hal_msp.o
 .debug_info    0x00000000000041d1      0xe44 ./Core/Src/stm32f0xx_it.o
 .debug_info    0x0000000000005015      0x2c3 ./Core/Src/system_stm32f0xx.o
 .debug_info    0x00000000000052d8       0x22 ./Core/Startup/startup_stm32f030c8tx.o
 .debug_info    0x00000000000052fa      0x6dc ./Drivers/STM32F0xx_HAL_Driver/Src/stm32f0xx_hal.o
 .debug_info    0x00000000000059d6      0x7be ./Drivers/STM32F0xx_HAL_Driver/Src/stm32f0xx_hal_cortex.o
 .debug_info    0x0000000000006194      0x6d8 ./Drivers/STM32F0xx_HAL_Driver/Src/stm32f0xx_hal_gpio.o
 .debug_info    0x000000000000686c     0x2195 ./Drivers/STM32F0xx_HAL_Driver/Src/stm32f0xx_hal_i2c.o
 .debug_info    0x0000000000008a01      0x8f2 ./Drivers/STM32F0xx_HAL_Driver/Src/stm32f0xx_hal_i2c_ex.o
 .debug_info    0x00000000000092f3      0x88d ./Drivers/STM32F0xx_HAL_Driver/Src/stm32f0xx_hal_rcc.o
 .debug_info    0x0000000000009b80      0x401 ./Drivers/STM32F0xx_HAL_Driver/Src/stm32f0xx_hal_rcc_ex.o
 .debug_info    0x0000000000009f81     0x17a9 ./Drivers/STM32F0xx_HAL_Driver/Src/stm32f0xx_hal_spi.o

.debug_abbrev   0x0000000000000000     0x1ec7
 .debug_abbrev  0x0000000000000000       0xfa ./Core/Src/SSD1322_API.o
 .debug_abbrev  0x00000000000000fa      0x2da ./Core/Src/SSD1322_GFX.o
 .debug_abbrev  0x00000000000003d4      0x1b4 ./Core/Src/SSD1322_HW_Driver.o
 .debug_abbrev  0x0000000000000588      0x2ab ./Core/Src/main.o
 .debug_abbrev  0x0000000000000833      0x1e6 ./Core/Src/stm32f0xx_hal_msp.o
 .debug_abbrev  0x0000000000000a19      0x231 ./Core/Src/stm32f0xx_it.o
 .debug_abbrev  0x0000000000000c4a      0x145 ./Core/Src/system_stm32f0xx.o
 .debug_abbrev  0x0000000000000d8f       0x12 ./Core/Startup/startup_stm32f030c8tx.o
 .debug_abbrev  0x0000000000000da1      0x21e ./Drivers/STM32F0xx_HAL_Driver/Src/stm32f0xx_hal.o
 .debug_abbrev  0x0000000000000fbf      0x2a9 ./Drivers/STM32F0xx_HAL_Driver/Src/stm32f0xx_hal_cortex.o
 .debug_abbrev  0x0000000000001268      0x1e8 ./Drivers/STM32F0xx_HAL_Driver/Src/stm32f0xx_hal_gpio.o
 .debug_abbrev  0x0000000000001450      0x267 ./Drivers/STM32F0xx_HAL_Driver/Src/stm32f0xx_hal_i2c.o
 .debug_abbrev  0x00000000000016b7      0x1ee ./Drivers/STM32F0xx_HAL_Driver/Src/stm32f0xx_hal_i2c_ex.o
 .debug_abbrev  0x00000000000018a5      0x23b ./Drivers/STM32F0xx_HAL_Driver/Src/stm32f0xx_hal_rcc.o
 .debug_abbrev  0x0000000000001ae0      0x193 ./Drivers/STM32F0xx_HAL_Driver/Src/stm32f0xx_hal_rcc_ex.o
 .debug_abbrev  0x0000000000001c73      0x254 ./Drivers/STM32F0xx_HAL_Driver/Src/stm32f0xx_hal_spi.o

.debug_aranges  0x0000000000000000      0x9f0
 .debug_aranges
                0x0000000000000000       0x78 ./Core/Src/SSD1322_API.o
 .debug_aranges
                0x0000000000000078       0x98 ./Core/Src/SSD1322_GFX.o
 .debug_aranges
                0x0000000000000110       0x60 ./Core/Src/SSD1322_HW_Driver.o
 .debug_aranges
                0x0000000000000170       0x58 ./Core/Src/main.o
 .debug_aranges
                0x00000000000001c8       0x40 ./Core/Src/stm32f0xx_hal_msp.o
 .debug_aranges
                0x0000000000000208       0x60 ./Core/Src/stm32f0xx_it.o
 .debug_aranges
                0x0000000000000268       0x28 ./Core/Src/system_stm32f0xx.o
 .debug_aranges
                0x0000000000000290       0x28 ./Core/Startup/startup_stm32f030c8tx.o
 .debug_aranges
                0x00000000000002b8       0xd0 ./Drivers/STM32F0xx_HAL_Driver/Src/stm32f0xx_hal.o
 .debug_aranges
                0x0000000000000388       0xc0 ./Drivers/STM32F0xx_HAL_Driver/Src/stm32f0xx_hal_cortex.o
 .debug_aranges
                0x0000000000000448       0x58 ./Drivers/STM32F0xx_HAL_Driver/Src/stm32f0xx_hal_gpio.o
 .debug_aranges
                0x00000000000004a0      0x290 ./Drivers/STM32F0xx_HAL_Driver/Src/stm32f0xx_hal_i2c.o
 .debug_aranges
                0x0000000000000730       0x38 ./Drivers/STM32F0xx_HAL_Driver/Src/stm32f0xx_hal_i2c_ex.o
 .debug_aranges
                0x0000000000000768       0x80 ./Drivers/STM32F0xx_HAL_Driver/Src/stm32f0xx_hal_rcc.o
 .debug_aranges
                0x00000000000007e8       0x30 ./Drivers/STM32F0xx_HAL_Driver/Src/stm32f0xx_hal_rcc_ex.o
 .debug_aranges
                0x0000000000000818      0x1d8 ./Drivers/STM32F0xx_HAL_Driver/Src/stm32f0xx_hal_spi.o

.debug_ranges   0x0000000000000000      0x8f8
 .debug_ranges  0x0000000000000000       0x68 ./Core/Src/SSD1322_API.o
 .debug_ranges  0x0000000000000068       0x88 ./Core/Src/SSD1322_GFX.o
 .debug_ranges  0x00000000000000f0       0x50 ./Core/Src/SSD1322_HW_Driver.o
 .debug_ranges  0x0000000000000140       0x48 ./Core/Src/main.o
 .debug_ranges  0x0000000000000188       0x30 ./Core/Src/stm32f0xx_hal_msp.o
 .debug_ranges  0x00000000000001b8       0x50 ./Core/Src/stm32f0xx_it.o
 .debug_ranges  0x0000000000000208       0x18 ./Core/Src/system_stm32f0xx.o
 .debug_ranges  0x0000000000000220       0x20 ./Core/Startup/startup_stm32f030c8tx.o
 .debug_ranges  0x0000000000000240       0xc0 ./Drivers/STM32F0xx_HAL_Driver/Src/stm32f0xx_hal.o
 .debug_ranges  0x0000000000000300       0xb0 ./Drivers/STM32F0xx_HAL_Driver/Src/stm32f0xx_hal_cortex.o
 .debug_ranges  0x00000000000003b0       0x48 ./Drivers/STM32F0xx_HAL_Driver/Src/stm32f0xx_hal_gpio.o
 .debug_ranges  0x00000000000003f8      0x280 ./Drivers/STM32F0xx_HAL_Driver/Src/stm32f0xx_hal_i2c.o
 .debug_ranges  0x0000000000000678       0x28 ./Drivers/STM32F0xx_HAL_Driver/Src/stm32f0xx_hal_i2c_ex.o
 .debug_ranges  0x00000000000006a0       0x70 ./Drivers/STM32F0xx_HAL_Driver/Src/stm32f0xx_hal_rcc.o
 .debug_ranges  0x0000000000000710       0x20 ./Drivers/STM32F0xx_HAL_Driver/Src/stm32f0xx_hal_rcc_ex.o
 .debug_ranges  0x0000000000000730      0x1c8 ./Drivers/STM32F0xx_HAL_Driver/Src/stm32f0xx_hal_spi.o

.debug_macro    0x0000000000000000     0xfceb
 .debug_macro   0x0000000000000000       0x80 ./Core/Src/SSD1322_API.o
 .debug_macro   0x0000000000000080      0xa7e ./Core/Src/SSD1322_API.o
 .debug_macro   0x0000000000000afe       0x22 ./Core/Src/SSD1322_API.o
 .debug_macro   0x0000000000000b20       0x8e ./Core/Src/SSD1322_API.o
 .debug_macro   0x0000000000000bae       0x51 ./Core/Src/SSD1322_API.o
 .debug_macro   0x0000000000000bff      0x103 ./Core/Src/SSD1322_API.o
 .debug_macro   0x0000000000000d02       0x6a ./Core/Src/SSD1322_API.o
 .debug_macro   0x0000000000000d6c      0x1df ./Core/Src/SSD1322_API.o
 .debug_macro   0x0000000000000f4b       0xd0 ./Core/Src/SSD1322_API.o
 .debug_macro   0x000000000000101b      0x169 ./Core/Src/SSD1322_GFX.o
 .debug_macro   0x0000000000001184       0x16 ./Core/Src/SSD1322_GFX.o
 .debug_macro   0x000000000000119a       0x18 ./Core/Src/SSD1322_GFX.o
 .debug_macro   0x00000000000011b2       0x52 ./Core/Src/SSD1322_GFX.o
 .debug_macro   0x0000000000001204       0x3c ./Core/Src/SSD1322_GFX.o
 .debug_macro   0x0000000000001240       0x34 ./Core/Src/SSD1322_GFX.o
 .debug_macro   0x0000000000001274       0x16 ./Core/Src/SSD1322_GFX.o
 .debug_macro   0x000000000000128a      0x10e ./Core/Src/SSD1322_GFX.o
 .debug_macro   0x0000000000001398       0x8d ./Core/Src/SSD1322_GFX.o
 .debug_macro   0x0000000000001425       0x16 ./Core/Src/SSD1322_GFX.o
 .debug_macro   0x000000000000143b       0x43 ./Core/Src/SSD1322_GFX.o
 .debug_macro   0x000000000000147e       0x34 ./Core/Src/SSD1322_GFX.o
 .debug_macro   0x00000000000014b2       0x10 ./Core/Src/SSD1322_GFX.o
 .debug_macro   0x00000000000014c2       0x58 ./Core/Src/SSD1322_GFX.o
 .debug_macro   0x000000000000151a       0x71 ./Core/Src/SSD1322_GFX.o
 .debug_macro   0x000000000000158b       0x1c ./Core/Src/SSD1322_GFX.o
 .debug_macro   0x00000000000015a7      0x12a ./Core/Src/SSD1322_GFX.o
 .debug_macro   0x00000000000016d1      0x339 ./Core/Src/SSD1322_GFX.o
 .debug_macro   0x0000000000001a0a       0x16 ./Core/Src/SSD1322_GFX.o
 .debug_macro   0x0000000000001a20       0x29 ./Core/Src/SSD1322_GFX.o
 .debug_macro   0x0000000000001a49      0x1a9 ./Core/Src/SSD1322_GFX.o
 .debug_macro   0x0000000000001bf2      0x1f8 ./Core/Src/SSD1322_HW_Driver.o
 .debug_macro   0x0000000000001dea      0x12d ./Core/Src/SSD1322_HW_Driver.o
 .debug_macro   0x0000000000001f17       0x2e ./Core/Src/SSD1322_HW_Driver.o
 .debug_macro   0x0000000000001f45       0x22 ./Core/Src/SSD1322_HW_Driver.o
 .debug_macro   0x0000000000001f67       0x1c ./Core/Src/SSD1322_HW_Driver.o
 .debug_macro   0x0000000000001f83       0x22 ./Core/Src/SSD1322_HW_Driver.o
 .debug_macro   0x0000000000001fa5       0xb5 ./Core/Src/SSD1322_HW_Driver.o
 .debug_macro   0x000000000000205a      0x391 ./Core/Src/SSD1322_HW_Driver.o
 .debug_macro   0x00000000000023eb     0x6f40 ./Core/Src/SSD1322_HW_Driver.o
 .debug_macro   0x000000000000932b       0x66 ./Core/Src/SSD1322_HW_Driver.o
 .debug_macro   0x0000000000009391     0x34a6 ./Core/Src/SSD1322_HW_Driver.o
 .debug_macro   0x000000000000c837      0x174 ./Core/Src/SSD1322_HW_Driver.o
 .debug_macro   0x000000000000c9ab       0x55 ./Core/Src/SSD1322_HW_Driver.o
 .debug_macro   0x000000000000ca00      0x924 ./Core/Src/SSD1322_HW_Driver.o
 .debug_macro   0x000000000000d324      0x17f ./Core/Src/SSD1322_HW_Driver.o
 .debug_macro   0x000000000000d4a3      0x1af ./Core/Src/SSD1322_HW_Driver.o
 .debug_macro   0x000000000000d652       0xd9 ./Core/Src/SSD1322_HW_Driver.o
 .debug_macro   0x000000000000d72b      0x1a0 ./Core/Src/SSD1322_HW_Driver.o
 .debug_macro   0x000000000000d8cb      0x1ed ./Core/Src/SSD1322_HW_Driver.o
 .debug_macro   0x000000000000dab8       0x34 ./Core/Src/SSD1322_HW_Driver.o
 .debug_macro   0x000000000000daec       0x43 ./Core/Src/SSD1322_HW_Driver.o
 .debug_macro   0x000000000000db2f       0x28 ./Core/Src/SSD1322_HW_Driver.o
 .debug_macro   0x000000000000db57       0xb0 ./Core/Src/SSD1322_HW_Driver.o
 .debug_macro   0x000000000000dc07      0x199 ./Core/Src/SSD1322_HW_Driver.o
 .debug_macro   0x000000000000dda0      0x22c ./Core/Src/SSD1322_HW_Driver.o
 .debug_macro   0x000000000000dfcc       0x61 ./Core/Src/SSD1322_HW_Driver.o
 .debug_macro   0x000000000000e02d       0xa5 ./Core/Src/SSD1322_HW_Driver.o
 .debug_macro   0x000000000000e0d2       0x4c ./Core/Src/SSD1322_HW_Driver.o
 .debug_macro   0x000000000000e11e       0x2b ./Core/Src/SSD1322_HW_Driver.o
 .debug_macro   0x000000000000e149      0x2fe ./Core/Src/SSD1322_HW_Driver.o
 .debug_macro   0x000000000000e447       0xff ./Core/Src/SSD1322_HW_Driver.o
 .debug_macro   0x000000000000e546      0x188 ./Core/Src/SSD1322_HW_Driver.o
 .debug_macro   0x000000000000e6ce      0x1fa ./Core/Src/main.o
 .debug_macro   0x000000000000e8c8      0x1f4 ./Core/Src/stm32f0xx_hal_msp.o
 .debug_macro   0x000000000000eabc      0x1fe ./Core/Src/stm32f0xx_it.o
 .debug_macro   0x000000000000ecba      0x1af ./Core/Src/system_stm32f0xx.o
 .debug_macro   0x000000000000ee69      0x1d3 ./Drivers/STM32F0xx_HAL_Driver/Src/stm32f0xx_hal.o
 .debug_macro   0x000000000000f03c      0x1af ./Drivers/STM32F0xx_HAL_Driver/Src/stm32f0xx_hal_cortex.o
 .debug_macro   0x000000000000f1eb      0x1b6 ./Drivers/STM32F0xx_HAL_Driver/Src/stm32f0xx_hal_gpio.o
 .debug_macro   0x000000000000f3a1      0x274 ./Drivers/STM32F0xx_HAL_Driver/Src/stm32f0xx_hal_i2c.o
 .debug_macro   0x000000000000f615      0x1af ./Drivers/STM32F0xx_HAL_Driver/Src/stm32f0xx_hal_i2c_ex.o
 .debug_macro   0x000000000000f7c4      0x1c1 ./Drivers/STM32F0xx_HAL_Driver/Src/stm32f0xx_hal_rcc.o
 .debug_macro   0x000000000000f985      0x1af ./Drivers/STM32F0xx_HAL_Driver/Src/stm32f0xx_hal_rcc_ex.o
 .debug_macro   0x000000000000fb34      0x1b7 ./Drivers/STM32F0xx_HAL_Driver/Src/stm32f0xx_hal_spi.o

.debug_line     0x0000000000000000     0xd21c
 .debug_line    0x0000000000000000      0x549 ./Core/Src/SSD1322_API.o
 .debug_line    0x0000000000000549      0xccc ./Core/Src/SSD1322_GFX.o
 .debug_line    0x0000000000001215      0x7d3 ./Core/Src/SSD1322_HW_Driver.o
 .debug_line    0x00000000000019e8      0xfaf ./Core/Src/main.o
 .debug_line    0x0000000000002997      0x7e4 ./Core/Src/stm32f0xx_hal_msp.o
 .debug_line    0x000000000000317b      0xccd ./Core/Src/stm32f0xx_it.o
 .debug_line    0x0000000000003e48      0x71f ./Core/Src/system_stm32f0xx.o
 .debug_line    0x0000000000004567       0x89 ./Core/Startup/startup_stm32f030c8tx.o
 .debug_line    0x00000000000045f0      0x92a ./Drivers/STM32F0xx_HAL_Driver/Src/stm32f0xx_hal.o
 .debug_line    0x0000000000004f1a      0x9d6 ./Drivers/STM32F0xx_HAL_Driver/Src/stm32f0xx_hal_cortex.o
 .debug_line    0x00000000000058f0      0xaa7 ./Drivers/STM32F0xx_HAL_Driver/Src/stm32f0xx_hal_gpio.o
 .debug_line    0x0000000000006397     0x327a ./Drivers/STM32F0xx_HAL_Driver/Src/stm32f0xx_hal_i2c.o
 .debug_line    0x0000000000009611      0x7eb ./Drivers/STM32F0xx_HAL_Driver/Src/stm32f0xx_hal_i2c_ex.o
 .debug_line    0x0000000000009dfc      0xd16 ./Drivers/STM32F0xx_HAL_Driver/Src/stm32f0xx_hal_rcc.o
 .debug_line    0x000000000000ab12      0x889 ./Drivers/STM32F0xx_HAL_Driver/Src/stm32f0xx_hal_rcc_ex.o
 .debug_line    0x000000000000b39b     0x1e81 ./Drivers/STM32F0xx_HAL_Driver/Src/stm32f0xx_hal_spi.o

.debug_str      0x0000000000000000    0x5c8fc
 .debug_str     0x0000000000000000     0x3fc7 ./Core/Src/SSD1322_API.o
                                       0x4171 (size before relaxing)
 .debug_str     0x0000000000003fc7     0x3f3d ./Core/Src/SSD1322_GFX.o
                                       0x806c (size before relaxing)
 .debug_str     0x0000000000007f04    0x523ce ./Core/Src/SSD1322_HW_Driver.o
                                      0x56816 (size before relaxing)
 .debug_str     0x000000000005a2d2      0x761 ./Core/Src/main.o
                                      0x56f46 (size before relaxing)
 .debug_str     0x000000000005aa33       0x7a ./Core/Src/stm32f0xx_hal_msp.o
                                      0x56aa5 (size before relaxing)
 .debug_str     0x000000000005aaad       0xc9 ./Core/Src/stm32f0xx_it.o
                                      0x56b7c (size before relaxing)
 .debug_str     0x000000000005ab76       0x5f ./Core/Src/system_stm32f0xx.o
                                      0x558b0 (size before relaxing)
 .debug_str     0x000000000005abd5       0x36 ./Core/Startup/startup_stm32f030c8tx.o
                                         0x71 (size before relaxing)
 .debug_str     0x000000000005ac0b      0x2fb ./Drivers/STM32F0xx_HAL_Driver/Src/stm32f0xx_hal.o
                                      0x55dbc (size before relaxing)
 .debug_str     0x000000000005af06      0x204 ./Drivers/STM32F0xx_HAL_Driver/Src/stm32f0xx_hal_cortex.o
                                      0x55c70 (size before relaxing)
 .debug_str     0x000000000005b10a      0x156 ./Drivers/STM32F0xx_HAL_Driver/Src/stm32f0xx_hal_gpio.o
                                      0x55a8f (size before relaxing)
 .debug_str     0x000000000005b260      0xdc7 ./Drivers/STM32F0xx_HAL_Driver/Src/stm32f0xx_hal_i2c.o
                                      0x56b64 (size before relaxing)
 .debug_str     0x000000000005c027       0x89 ./Drivers/STM32F0xx_HAL_Driver/Src/stm32f0xx_hal_i2c_ex.o
                                      0x55e1f (size before relaxing)
 .debug_str     0x000000000005c0b0      0x235 ./Drivers/STM32F0xx_HAL_Driver/Src/stm32f0xx_hal_rcc.o
                                      0x55cba (size before relaxing)
 .debug_str     0x000000000005c2e5       0xb1 ./Drivers/STM32F0xx_HAL_Driver/Src/stm32f0xx_hal_rcc_ex.o
                                      0x559ec (size before relaxing)
 .debug_str     0x000000000005c396      0x566 ./Drivers/STM32F0xx_HAL_Driver/Src/stm32f0xx_hal_spi.o
                                      0x561fa (size before relaxing)

.comment        0x0000000000000000       0x53
 .comment       0x0000000000000000       0x53 ./Core/Src/SSD1322_API.o
                                         0x54 (size before relaxing)
 .comment       0x0000000000000053       0x54 ./Core/Src/SSD1322_GFX.o
 .comment       0x0000000000000053       0x54 ./Core/Src/SSD1322_HW_Driver.o
 .comment       0x0000000000000053       0x54 ./Core/Src/main.o
 .comment       0x0000000000000053       0x54 ./Core/Src/stm32f0xx_hal_msp.o
 .comment       0x0000000000000053       0x54 ./Core/Src/stm32f0xx_it.o
 .comment       0x0000000000000053       0x54 ./Core/Src/system_stm32f0xx.o
 .comment       0x0000000000000053       0x54 ./Drivers/STM32F0xx_HAL_Driver/Src/stm32f0xx_hal.o
 .comment       0x0000000000000053       0x54 ./Drivers/STM32F0xx_HAL_Driver/Src/stm32f0xx_hal_cortex.o
 .comment       0x0000000000000053       0x54 ./Drivers/STM32F0xx_HAL_Driver/Src/stm32f0xx_hal_gpio.o
 .comment       0x0000000000000053       0x54 ./Drivers/STM32F0xx_HAL_Driver/Src/stm32f0xx_hal_i2c.o
 .comment       0x0000000000000053       0x54 ./Drivers/STM32F0xx_HAL_Driver/Src/stm32f0xx_hal_i2c_ex.o
 .comment       0x0000000000000053       0x54 ./Drivers/STM32F0xx_HAL_Driver/Src/stm32f0xx_hal_rcc.o
 .comment       0x0000000000000053       0x54 ./Drivers/STM32F0xx_HAL_Driver/Src/stm32f0xx_hal_rcc_ex.o
 .comment       0x0000000000000053       0x54 ./Drivers/STM32F0xx_HAL_Driver/Src/stm32f0xx_hal_spi.o

.debug_frame    0x0000000000000000     0x22a4
 .debug_frame   0x0000000000000000      0x184 ./Core/Src/SSD1322_API.o
 .debug_frame   0x0000000000000184      0x244 ./Core/Src/SSD1322_GFX.o
 .debug_frame   0x00000000000003c8      0x118 ./Core/Src/SSD1322_HW_Driver.o
 .debug_frame   0x00000000000004e0      0x100 ./Core/Src/main.o
 .debug_frame   0x00000000000005e0       0xb0 ./Core/Src/stm32f0xx_hal_msp.o
 .debug_frame   0x0000000000000690      0x11c ./Core/Src/stm32f0xx_it.o
 .debug_frame   0x00000000000007ac       0x4c ./Core/Src/system_stm32f0xx.o
 .debug_frame   0x00000000000007f8      0x2a4 ./Drivers/STM32F0xx_HAL_Driver/Src/stm32f0xx_hal.o
 .debug_frame   0x0000000000000a9c      0x2a0 ./Drivers/STM32F0xx_HAL_Driver/Src/stm32f0xx_hal_cortex.o
 .debug_frame   0x0000000000000d3c      0x110 ./Drivers/STM32F0xx_HAL_Driver/Src/stm32f0xx_hal_gpio.o
 .debug_frame   0x0000000000000e4c      0xa24 ./Drivers/STM32F0xx_HAL_Driver/Src/stm32f0xx_hal_i2c.o
 .debug_frame   0x0000000000001870       0x90 ./Drivers/STM32F0xx_HAL_Driver/Src/stm32f0xx_hal_i2c_ex.o
 .debug_frame   0x0000000000001900      0x198 ./Drivers/STM32F0xx_HAL_Driver/Src/stm32f0xx_hal_rcc.o
 .debug_frame   0x0000000000001a98       0x70 ./Drivers/STM32F0xx_HAL_Driver/Src/stm32f0xx_hal_rcc_ex.o
 .debug_frame   0x0000000000001b08      0x710 ./Drivers/STM32F0xx_HAL_Driver/Src/stm32f0xx_hal_spi.o
 .debug_frame   0x0000000000002218       0x2c c:/st/stm32cubeide_1.7.0/stm32cubeide/plugins/com.st.stm32cube.ide.mcu.externaltools.gnu-tools-for-stm32.9-2020-q2-update.win32_2.0.0.202105311346/tools/bin/../lib/gcc/arm-none-eabi/9.3.1/../../../../arm-none-eabi/lib/thumb/v6-m/nofp\libc_nano.a(lib_a-init.o)
 .debug_frame   0x0000000000002244       0x20 c:/st/stm32cubeide_1.7.0/stm32cubeide/plugins/com.st.stm32cube.ide.mcu.externaltools.gnu-tools-for-stm32.9-2020-q2-update.win32_2.0.0.202105311346/tools/bin/../lib/gcc/arm-none-eabi/9.3.1/../../../../arm-none-eabi/lib/thumb/v6-m/nofp\libc_nano.a(lib_a-memset.o)
 .debug_frame   0x0000000000002264       0x20 c:/st/stm32cubeide_1.7.0/stm32cubeide/plugins/com.st.stm32cube.ide.mcu.externaltools.gnu-tools-for-stm32.9-2020-q2-update.win32_2.0.0.202105311346/tools/bin/../lib/gcc/arm-none-eabi/9.3.1/thumb/v6-m/nofp\libgcc.a(_udivsi3.o)
 .debug_frame   0x0000000000002284       0x20 c:/st/stm32cubeide_1.7.0/stm32cubeide/plugins/com.st.stm32cube.ide.mcu.externaltools.gnu-tools-for-stm32.9-2020-q2-update.win32_2.0.0.202105311346/tools/bin/../lib/gcc/arm-none-eabi/9.3.1/thumb/v6-m/nofp\libgcc.a(_divsi3.o)
